// Jest Snapshot v1, https://goo.gl/fbAQLP

exports[`should render the <AddExpensePage/> should render <AddExpensePage/> correctly with right props 1`] = `
<div>
  <div
    className="page-header"
  >
    <div
      className="content-container"
    >
      <h1
        className="page-header__title"
      >
        Add Expense Page
      </h1>
    </div>
  </div>
  <div
    className="content-container"
  >
    <ExpenseForm
      buttonState="create"
      onSubmit={[Function]}
    />
  </div>
</div>
`;
