// Jest Snapshot v1, https://goo.gl/fbAQLP

exports[`Rendering <ExpenseListItem/> Render the <ExpenseListItem/> with expense as props 1`] = `
<Link
  className="list-item"
  to="/edit/1"
>
  <div>
    <h3
      className="list-item__title"
    >
      January rent
    </h3>
    <span
      className="list-item__sub-title"
    >
      January 1st, 1970
    </span>
  </div>
  <h3
    className="list-item__data"
  >
    #545.00
  </h3>
</Link>
`;
