// Jest Snapshot v1, https://goo.gl/fbAQLP

exports[`To test the Header component with react renderer package should render Header correctly 1`] = `
<header>
  <h1>
    Expensify
  </h1>
  <ForwardRef
    activeClassName="is-active"
    to="/dashboard"
  >
    My Dashboard
  </ForwardRef>
  <ForwardRef
    activeClassName="is-active"
    to="/create"
  >
    Create Expense
  </ForwardRef>
  <button>
    LogOut
  </button>
</header>
`;
